Scope errors:

Definitions:
  Definition 1, from ModuleImportDuplicate.decl0:
    type [4mMyInt[0m = Int

Use sites:
  Definition used: Stdlib.decl1
    import Stdlib ([4mInt[0m, Int)
  Definition used: Stdlib.decl1
    import Stdlib (Int, [4mInt[0m)
  Definition used: Stdlib.decl1
    type MyInt = [4mInt[0m

Exports:
  MyInt, Type from ModuleImportDuplicate
