Scope errors:

Definitions:
  Definition 1, from Main.decl0:
    [4mmain[0m = main

Use sites:
  Definition used: 1
    main = [4mmain[0m
