Scope errors:

Definitions:
  Definition 1, from Basic.decl0:
    [4mbinder[0m = binder

Use sites:
  Definition used: 1
    binder = [4mbinder[0m
