Scope errors:

Definitions:
  Definition 1:
    [4mx[0m = ()
  Definition 2:
    [4my[0m = []
  Definition 3:
    [4mz [x] = x[0m
  Definition 4:
    z [[4mx[0m] = x

Use sites:
  Definition used: 1
    [4mx[0m :: ()
  Definition used: 2
    [4my[0m :: [()]
  Definition used: 3
    [4mz[0m :: [()] -> ()
  Definition used: 3
    [4mz[0m [x] = x
  Definition used: 4
    z [x] = [4mx[0m
