Scope errors:

Definitions:
  Definition 1, from Class2.decl0:
    data [4mString[0m
  Definition 2, from Class2.decl1:
    data [4mList[0m a
  Definition 3, from Class2.decl1:
    data List [4ma[0m
  Definition 4, from Class2.decl2:
    class [4mShow[0m a where
  Definition 5, from Class2.decl2:
    class Show [4ma[0m where
  Definition 6, from Class2.decl2:
      [4mshow[0m :: a -> String
  Definition 7, from Class2.decl2:
      [4mshowList[0m :: List a -> String
  Definition 8, from Class2.decl2.match0:
      showList [4mlst[0m = show lst

Use sites:
  Definition used: 5
      show :: [4ma[0m -> String
  Definition used: 1
      show :: a -> [4mString[0m
  Definition used: 2
      showList :: [4mList[0m a -> String
  Definition used: 5
      showList :: List [4ma[0m -> String
  Definition used: 1
      showList :: List a -> [4mString[0m
  Definition used: 7
      [4mshowList lst = show lst[0m
  Definition used: 7
      [4mshowList[0m lst = show lst
  Definition used: 6
      showList lst = [4mshow[0m lst
  Definition used: 8
      showList lst = show [4mlst[0m

Exports:
  List, Data from Class2
  Show, Class from Class2
  String, Data from Class2
  show, Method from Class2
  showList, Method from Class2
