Scope errors:

Definitions:
  Definition 1, from Infix1.decl0:
    [4ma + b = b + a[0m
  Definition 2, from Infix1.decl0.match0:
    [4ma[0m + b = b + a
  Definition 3, from Infix1.decl0.match0:
    a + [4mb[0m = b + a

Use sites:
  Definition used: 1
    a [4m+[0m b = b + a
  Definition used: 3
    a + b = [4mb[0m + a
  Definition used: 1
    a + b = b [4m+[0m a
  Definition used: 2
    a + b = b + [4ma[0m
