Scope errors:

Definitions:
  Definition 1, from Shadowing1.decl0:
    [4mx[0m = \x -> x
  Definition 2, from Shadowing1.decl0.rhs.lambda:
    x = \[4mx[0m -> x

Use sites:
  Definition used: 2
    x = \x -> [4mx[0m
