Scope errors:

Definitions:
  Definition 1, from Shadowing4.decl0:
    [4mx[0m = case x of
  Definition 2, from Shadowing4.decl0.rhs.alt0:
          [4mx[0m -> x
  Definition 3, from Shadowing4.decl0.rhs.binds0:
        [4mx[0m = 10

Use sites:
  Definition used: 3
    x = case [4mx[0m of
  Definition used: 2
          x -> [4mx[0m

Exports:
  x, Value from Shadowing4
