Scope errors:

Definitions:
  Definition 1, from Shadowing2.decl0:
    [4my[0m = y
  Definition 2, from Shadowing2.decl1:
    [4mx y = y[0m
    [4m  where[0m
    [4m    y = 10[0m
  Definition 3, from Shadowing2.decl1.match0:
    x [4my[0m = y
  Definition 4, from Shadowing2.decl1.match0.rhs.binds0:
        [4my[0m = 10

Use sites:
  Definition used: 1
    y = [4my[0m
  Definition used: 2
    [4mx[0m y = y
  Definition used: 4
    x y = [4my[0m

Exports:
  x, Value from Shadowing2
  y, Value from Shadowing2
