Scope errors:

Definitions:
  Definition 1:
    [4mx x = x[0m
    [4m  where[0m
    [4m    x = 10[0m
  Definition 2:
    x [4mx[0m = x
  Definition 3:
        [4mx[0m = 10

Use sites:
  Definition used: 2
    [4mx[0m x = x
  Definition used: 3
    x x = [4mx[0m
