Scope errors:
  Value not in scope.
    a' x = [4mb[0m

Definitions:
  Definition 1:
    [4ma[0m x = b
  Definition 2:
    a [4mx[0m = b
  Definition 3:
      where [4mb[0m = b
  Definition 4:
    [4ma'[0m x = b
  Definition 5:
    a' [4mx[0m = b

Use sites:
  Definition used: 3
    a x = [4mb[0m
  Definition used: 3
      where b = [4mb[0m
