Scope errors:

Definitions:
  Definition 1, from Where4.decl0:
    [4ma x = b[0m
    [4m  where b = b[0m
  Definition 2, from Where4.decl0.match0:
    a [4mx[0m = b
  Definition 3, from Where4.decl0.match0.rhs.binds0:
      where [4mb[0m = b

Use sites:
  Definition used: 1
    [4ma[0m x = b
  Definition used: 3
    a x = [4mb[0m
  Definition used: 3
      where b = [4mb[0m

Exports:
  a, Value from Where4
