Scope errors:

Definitions:
  Definition 1, from Where6.decl0:
    [4ma x = b[0m
    [4m  where b = b[0m
  Definition 2, from Where6.decl0.match0:
    a [4mx[0m = b
  Definition 3, from Where6.decl0.match0.rhs.binds0:
      where [4mb[0m = b
  Definition 4, from Where6.decl1:
    [4ma' x = b[0m
    [4m  where b = b[0m
  Definition 5, from Where6.decl1.match0:
    a' [4mx[0m = b
  Definition 6, from Where6.decl1.match0.rhs.binds0:
      where [4mb[0m = b

Use sites:
  Definition used: 1
    [4ma[0m x = b
  Definition used: 3
    a x = [4mb[0m
  Definition used: 3
      where b = [4mb[0m
  Definition used: 4
    [4ma'[0m x = b
  Definition used: 6
    a' x = [4mb[0m
  Definition used: 6
      where b = [4mb[0m
